[00:00:00] INFO codeplain: -------------------------------------
           Module: memory-match-elm
           Rendering functionality 1:
           - At the start of the game, all :Card:s are face-down and their positions are randomly shuffled.
           -------------------------------------
[00:00:18] INFO codeplain: Refactoring the generated code...
[00:00:19] INFO codeplain: -------------------------------------
           Module: memory-match-elm
           Rendering functionality 2:
           - :Player: can flip a :Card: face-up by clicking on it.
           -------------------------------------
[00:00:31] INFO codeplain: Refactoring the generated code...
[00:00:32] INFO codeplain: -------------------------------------
           Module: memory-match-elm
           Rendering functionality 3:
           - If :Player: flips two :Card:s with matching symbols, both :Card:s remain face-up and are marked as matched.
           -------------------------------------
[00:00:45] INFO codeplain: Refactoring the generated code...
[00:00:46] INFO codeplain: -------------------------------------
           Module: memory-match-elm
           Rendering functionality 4:
           - If :Player: flips two :Card:s that do not match, both :Card:s flip back face-down after a short delay (1 second).
           -------------------------------------
[00:00:54] INFO codeplain: Refactoring the generated code...
[00:01:08] INFO codeplain: -------------------------------------
           Module: memory-match-elm
           Rendering functionality 5:
           - :Player: cannot flip more than two unmatched :Card:s at a time, and cannot click already-matched :Card:s.
           -------------------------------------
[00:01:16] INFO codeplain: Refactoring the generated code...
[00:01:17] INFO codeplain: -------------------------------------
           Module: memory-match-elm
           Rendering functionality 6:
           - :App: tracks and displays the number of moves :Player: has made.
           -------------------------------------
[00:01:33] INFO codeplain: Refactoring the generated code...
[00:01:34] INFO codeplain: -------------------------------------
           Module: memory-match-elm
           Rendering functionality 7:
           - :App: displays a congratulations message when all pairs have been matched, showing the total number of moves taken.
           -------------------------------------
[00:01:46] INFO codeplain: Refactoring the generated code...
[00:01:47] INFO codeplain: -------------------------------------
           Module: memory-match-elm
           Rendering functionality 8:
           - :Player: can restart the game at any time by clicking a "New Game" button, which reshuffles the :Card:s and resets the move counter.
           -------------------------------------
[00:02:04] INFO codeplain: Refactoring the generated code...
[00:02:05] INFO codeplain: [#79FC96]Render of module memory-match-elm completed successfully.[/#79FC96]
